==> ./inputs/empty.txt <==

==> ./inputs/one.txt <==
Ã–
==> ./inputs/two.txt <==
Tw
==> ./inputs/three.txt <==
Th
==> ./inputs/twelve.txt <==
on