==> ./inputs/empty.txt <==

==> ./inputs/one.txt <==
Ã
==> ./inputs/two.txt <==
T
==> ./inputs/three.txt <==
T
==> ./inputs/twelve.txt <==
o