==> ./inputs/empty.txt <==

==> ./inputs/one.txt <==
Ã–ne
==> ./inputs/two.txt <==
Two 
==> ./inputs/three.txt <==
Thre
==> ./inputs/twelve.txt <==
one
