==> ./inputs/empty.txt <==

==> ./inputs/one.txt <==
Ã–ne line, four words.

==> ./inputs/two.txt <==
Two lines.
Four words.

==> ./inputs/three.txt <==
Three
lines,
four words.

==> ./inputs/twelve.txt <==
one
two
three
four
five
six
seven
eight
nine
ten
