==> ./inputs/empty.txt <==

==> ./inputs/one.txt <==
Ã–ne line, four words.

==> ./inputs/two.txt <==
Two lines.
Four words.

==> ./inputs/three.txt <==
Three
lines,

==> ./inputs/twelve.txt <==
one
two
